// Jest Snapshot v1, https://goo.gl/fbAQLP

exports[`Nxdos - Documentation Site - UI - Common - components, MenuItem large viewport should match snapshot correctly 1`] = `
<DocumentFragment>
  <div
    class="appWrapper"
    style="--view-breakpoint-switch-sm: 0;"
  >
    <div
      class="navMenuItem false"
      data-testid="nav-nxdos"
      style="--menu-item-offset: 0;"
    >
      <div
        class="folder folder--open"
      >
        <span
          class="folderPathIndicatorAlt"
        >
          <span
            class="folderPathIndicator--firstLetter"
          >
             
          </span>
          <span
            class="folderPathIndicator--secondLetter"
          >
            ─
          </span>
        </span>
        <span
          class="folderPathIndicator"
        >
          <span
            class="folderPathIndicator--firstLetter"
          >
             
          </span>
          <span
            class="folderPathIndicator--secondLetter"
          >
            ─
          </span>
        </span>
        <span
          class="folderPathSpacer"
        >
          │
        </span>
        <span
          class="navMenuFolderBullet navMenuFolderBullet--open"
        >
          ▼
        </span>
        <span
          class="navMenuFolderLabel"
        >
          <div
            class="navItemFrameAreaExtension"
          />
          <span
            class="navMenuFolder-hoverMarker"
          >
             
          </span>
          <span
            class="menuItemLabelText"
          >
            Nx-DOS
          </span>
        </span>
      </div>
      <div
        class="connectorFrame"
      >
        ││││││││││││││││││││││││││││││││││││││││││││││││││││││││││││││││││││││││││││││││││││││││││││││││││││
      </div>
      <div
        class="connectorMask"
      >
        ││││││││││││││││││││││││││││││││││││││││││││││││││││││││││││││││││││││││││││││││││││││││││││││││││││
      </div>
      <div
        class="open"
      >
        <div
          class="navItemFrame"
        >
          <div
            class="navMenuItem leafNodeMenuItem activeLinkMenuItem"
            data-testid="nav-introduction"
            style="--menu-item-offset: 1;"
          >
            <a
              data-testid="nav-clickHandler-introduction"
              href="introduction"
            >
              <span
                class="folderPathIndicator"
              >
                <span
                  class="folderPathIndicator--firstLetter"
                >
                   
                  <span
                    class="folderPathIndicator--hoverLayer"
                  >
                    └
                  </span>
                </span>
                <span
                  class="folderPathIndicator--secondLetter itemPathIndicator"
                >
                  ─
                </span>
              </span>
              <span
                class="folderPathSpacer"
              >
                │
              </span>
              <span
                class="navMenuItemBullet"
              >
                ∙
              </span>
              <span
                class="navMenuItemLabel"
              >
                <div
                  class="navItemFrameAreaExtension"
                />
                <span
                  class="navMenuItem-hoverMarker"
                >
                  [
                </span>
                <span
                  class="menuItemLabelText"
                >
                  introduction
                </span>
                <span
                  class="navMenuItem-hoverMarker"
                >
                  ]
                </span>
              </span>
            </a>
            <div
              class="connectorFrame"
            >
              ││││││││││││││││││││││││││││││││││││││││││││││││││││││││││││││││││││││││││││││││││││││││││││││││││││
            </div>
            <div
              class="connectorMask"
            >
              ││││││││││││││││││││││││││││││││││││││││││││││││││││││││││││││││││││││││││││││││││││││││││││││││││││
            </div>
            <div
              class="open"
            />
          </div>
        </div>
        <div
          class="navItemFrame"
        >
          <div
            class="navMenuItem leafNodeMenuItem"
            data-testid="nav-getting-started"
            style="--menu-item-offset: 1;"
          >
            <a
              data-testid="nav-clickHandler-getting-started"
              href="getting-started"
            >
              <span
                class="folderPathIndicator"
              >
                <span
                  class="folderPathIndicator--firstLetter"
                >
                   
                  <span
                    class="folderPathIndicator--hoverLayer"
                  >
                    └
                  </span>
                </span>
                <span
                  class="folderPathIndicator--secondLetter itemPathIndicator"
                >
                  ─
                </span>
              </span>
              <span
                class="folderPathSpacer"
              >
                │
              </span>
              <span
                class="navMenuItemBullet"
              >
                ∙
              </span>
              <span
                class="navMenuItemLabel"
              >
                <div
                  class="navItemFrameAreaExtension"
                />
                <span
                  class="navMenuItem-hoverMarker"
                >
                  [
                </span>
                <span
                  class="menuItemLabelText"
                >
                  getting-started
                </span>
                <span
                  class="navMenuItem-hoverMarker"
                >
                  ]
                </span>
              </span>
            </a>
            <div
              class="connectorFrame"
            >
              ││││││││││││││││││││││││││││││││││││││││││││││││││││││││││││││││││││││││││││││││││││││││││││││││││││
            </div>
            <div
              class="connectorMask"
            >
              ││││││││││││││││││││││││││││││││││││││││││││││││││││││││││││││││││││││││││││││││││││││││││││││││││││
            </div>
            <div
              class="open"
            />
          </div>
        </div>
        <div
          class="navItemFrame"
        >
          <div
            class="navMenuItem false"
            data-testid="nav-nxdos/configuration"
            style="--menu-item-offset: 1;"
          >
            <div
              class="folder folder--open"
            >
              <span
                class="folderPathIndicatorAlt"
              >
                <span
                  class="folderPathIndicator--firstLetter"
                >
                   
                </span>
                <span
                  class="folderPathIndicator--secondLetter"
                >
                  ─
                </span>
              </span>
              <span
                class="folderPathIndicator"
              >
                <span
                  class="folderPathIndicator--firstLetter"
                >
                   
                </span>
                <span
                  class="folderPathIndicator--secondLetter"
                >
                  ─
                </span>
              </span>
              <span
                class="folderPathSpacer"
              >
                │
              </span>
              <span
                class="navMenuFolderBullet navMenuFolderBullet--open"
              >
                ▼
              </span>
              <span
                class="navMenuFolderLabel"
              >
                <div
                  class="navItemFrameAreaExtension"
                />
                <span
                  class="navMenuFolder-hoverMarker"
                >
                   
                </span>
                <span
                  class="menuItemLabelText"
                >
                  configuration
                </span>
              </span>
            </div>
            <div
              class="connectorFrame"
            >
              ││││││││││││││││││││││││││││││││││││││││││││││││││││││││││││││││││││││││││││││││││││││││││││││││││││
            </div>
            <div
              class="connectorMask"
            >
              ││││││││││││││││││││││││││││││││││││││││││││││││││││││││││││││││││││││││││││││││││││││││││││││││││││
            </div>
            <div
              class="open"
            >
              <div
                class="navItemFrame"
              >
                <div
                  class="navMenuItem leafNodeMenuItem"
                  data-testid="nav-configuration/documentation"
                  style="--menu-item-offset: 2;"
                >
                  <a
                    data-testid="nav-clickHandler-configuration/documentation"
                    href="configuration/documentation"
                  >
                    <span
                      class="folderPathIndicator"
                    >
                      <span
                        class="folderPathIndicator--firstLetter"
                      >
                         
                        <span
                          class="folderPathIndicator--hoverLayer"
                        >
                          └
                        </span>
                      </span>
                      <span
                        class="folderPathIndicator--secondLetter itemPathIndicator"
                      >
                        ─
                      </span>
                    </span>
                    <span
                      class="folderPathSpacer"
                    >
                      │
                    </span>
                    <span
                      class="navMenuItemBullet"
                    >
                      ∙
                    </span>
                    <span
                      class="navMenuItemLabel"
                    >
                      <div
                        class="navItemFrameAreaExtension"
                      />
                      <span
                        class="navMenuItem-hoverMarker"
                      >
                        [
                      </span>
                      <span
                        class="menuItemLabelText"
                      >
                        documentation
                      </span>
                      <span
                        class="navMenuItem-hoverMarker"
                      >
                        ]
                      </span>
                    </span>
                  </a>
                  <div
                    class="connectorFrame"
                  >
                    ││││││││││││││││││││││││││││││││││││││││││││││││││││││││││││││││││││││││││││││││││││││││││││││││││││
                  </div>
                  <div
                    class="connectorMask"
                  >
                    ││││││││││││││││││││││││││││││││││││││││││││││││││││││││││││││││││││││││││││││││││││││││││││││││││││
                  </div>
                  <div
                    class="open"
                  />
                </div>
              </div>
              <div
                class="navItemFrame"
              >
                <div
                  class="connectorEndPiece"
                >
                  └─
                </div>
                <div
                  class="navMenuItem leafNodeMenuItem"
                  data-testid="nav-configuration/usage-metrics"
                  style="--menu-item-offset: 2;"
                >
                  <a
                    data-testid="nav-clickHandler-configuration/usage-metrics"
                    href="configuration/usage-metrics"
                  >
                    <span
                      class="folderPathIndicator"
                    >
                      <span
                        class="folderPathIndicator--firstLetter"
                      >
                         
                        <span
                          class="folderPathIndicator--hoverLayer"
                        >
                          └
                        </span>
                      </span>
                      <span
                        class="folderPathIndicator--secondLetter itemPathIndicator"
                      >
                        ─
                      </span>
                    </span>
                    <span
                      class="folderPathSpacer"
                    >
                      │
                    </span>
                    <span
                      class="navMenuItemBullet"
                    >
                      ∙
                    </span>
                    <span
                      class="navMenuItemLabel"
                    >
                      <div
                        class="navItemFrameAreaExtension"
                      />
                      <span
                        class="navMenuItem-hoverMarker"
                      >
                        [
                      </span>
                      <span
                        class="menuItemLabelText"
                      >
                        usage-metrics
                      </span>
                      <span
                        class="navMenuItem-hoverMarker"
                      >
                        ]
                      </span>
                    </span>
                  </a>
                  <div
                    class="connectorFrame"
                  >
                    ││││││││││││││││││││││││││││││││││││││││││││││││││││││││││││││││││││││││││││││││││││││││││││││││││││
                  </div>
                  <div
                    class="connectorMask"
                  >
                    ││││││││││││││││││││││││││││││││││││││││││││││││││││││││││││││││││││││││││││││││││││││││││││││││││││
                  </div>
                  <div
                    class="open"
                  />
                </div>
              </div>
            </div>
          </div>
        </div>
        <div
          class="navItemFrame"
        >
          <div
            class="connectorEndPiece"
          >
            └─
          </div>
          <div
            class="navMenuItem leafNodeMenuItem"
            data-testid="nav-acknowledgements"
            style="--menu-item-offset: 1;"
          >
            <a
              data-testid="nav-clickHandler-acknowledgements"
              href="acknowledgements"
            >
              <span
                class="folderPathIndicator"
              >
                <span
                  class="folderPathIndicator--firstLetter"
                >
                   
                  <span
                    class="folderPathIndicator--hoverLayer"
                  >
                    └
                  </span>
                </span>
                <span
                  class="folderPathIndicator--secondLetter itemPathIndicator"
                >
                  ─
                </span>
              </span>
              <span
                class="folderPathSpacer"
              >
                │
              </span>
              <span
                class="navMenuItemBullet"
              >
                ∙
              </span>
              <span
                class="navMenuItemLabel"
              >
                <div
                  class="navItemFrameAreaExtension"
                />
                <span
                  class="navMenuItem-hoverMarker"
                >
                  [
                </span>
                <span
                  class="menuItemLabelText"
                >
                  acknowledgements
                </span>
                <span
                  class="navMenuItem-hoverMarker"
                >
                  ]
                </span>
              </span>
            </a>
            <div
              class="connectorFrame"
            >
              ││││││││││││││││││││││││││││││││││││││││││││││││││││││││││││││││││││││││││││││││││││││││││││││││││││
            </div>
            <div
              class="connectorMask"
            >
              ││││││││││││││││││││││││││││││││││││││││││││││││││││││││││││││││││││││││││││││││││││││││││││││││││││
            </div>
            <div
              class="open"
            />
          </div>
        </div>
      </div>
    </div>
  </div>
</DocumentFragment>
`;
