// Jest Snapshot v1, https://goo.gl/fbAQLP

exports[`Nxdos - Documentation Site - UI - Markdoc - tags, YouTube should match snapshot correctly 1`] = `
<DocumentFragment>
  <iframe
    allow="autoplay; encrypted-media; picture-in-picture; fullscreen"
    data-testid="embeddedYouTube--video"
    frameborder="0"
    loading="lazy"
    src="https://www.youtube-nocookie.com/embed/-g3NABhePJg?modestbranding=1"
    style="margin-top: 1.75rem; margin-bottom: 1.75rem;"
    title="-g3NABhePJg"
    video_id="-g3NABhePJg"
    width="100%"
  />
</DocumentFragment>
`;
