// Jest Snapshot v1, https://goo.gl/fbAQLP

exports[`Nxdos - Documentation Site - UI - Common - components, banner should match snapshot correctly 1`] = `
<DocumentFragment>
  <div
    class="bannerWrapper"
  >
    <div
      class="bannerSpacer"
    />
    <div
      class="banner"
    >
      <div
        class="banner--section"
      >
        <div
          class="banner--shadow"
        />
        <div
          class="banner--innerFrame"
        >
          <div
            class="banner--header"
            style="--flicker-duration-ms: 15000; --flicker-play-state: running;"
          >
            <div
              class="banner--header--bg-pattern"
            />
            <div
              class="banner--header-logo"
            />
            <div
              class="banner--header-caption"
            >
              Nx starter guide
              <br />
            </div>
            <a
              href="/nxdos/introduction"
            >
              <div
                class="banner--header-button"
              >
                <div
                  class="banner--header-button-label"
                >
                  documentation
                </div>
              </div>
            </a>
            <a
              href="https://github.com/PestoSaaS/Nx-DOS"
              rel="noopener noreferrer"
              target="_blank"
            >
              <div
                class="banner--header-button iconButton"
              >
                <div />
              </div>
            </a>
            <div
              class="banner--header--animationLayer"
            />
          </div>
          <div
            class="banner--caption"
          >
            OSS stack template for multiplatform apps, curated with micro SaaS projects in mind.
            <br />
          </div>
        </div>
      </div>
      <div
        class="banner--section"
      >
        <div
          class="banner--shadow"
        />
        <div
          class="banner--innerFrame"
        >
          <div
            class="banner--toc"
          >
            <object
              aria-hidden="true"
              class="lineBorderFrame lineBorderFrame"
            >
              <div
                class="lineBorder-corner lineBorder-corner--top-left"
              />
              <div
                class="lineBorder-corner lineBorder-corner--top-right"
              />
              <div
                class="lineBorder-corner lineBorder-corner--bottom-left"
              />
              <div
                class="lineBorder-corner lineBorder-corner--bottom-right"
              />
              <div
                class="lineBorder--top lineBorder"
              >
                ──────────────────────────────────────────────────────────────────────────────────────────────────────────────────────────────────────────────────────
              </div>
              <div
                class="lineBorder--bottom lineBorder"
              >
                ──────────────────────────────────────────────────────────────────────────────────────────────────────────────────────────────────────────────────────
              </div>
              <object
                class="lineBorder--left lineBorder"
              >
                ││││││││││││││││││││││││││││││││││││││││││││││││││││││││││││││││││││││││││││││││││││││││││││││││││││││││││││││││││││││││││││││││││││││││││││││││││││││
              </object>
              <object
                class="lineBorder--right lineBorder"
              >
                ││││││││││││││││││││││││││││││││││││││││││││││││││││││││││││││││││││││││││││││││││││││││││││││││││││││││││││││││││││││││││││││││││││││││││││││││││││││
              </object>
            </object>
            <div
              class="banner--toc--title-frame"
            >
              <div
                class="banner--toc--title-label"
              >
                v 0.0.1
              </div>
            </div>
            <div
              class="tocFrame"
            >
              <a
                href="/nxdos/configuration/documentation"
              >
                <li
                  class="banner--tocItem"
                >
                  <span
                    class="banner--tocItem-labelInset"
                  />
                  <span
                    class="banner--tocItem-label"
                  >
                    <span
                      class="banner--tocItem-hoverMarker"
                    >
                      [
                    </span>
                    <span
                      class="banner--tocItem-label--text"
                    >
                      Documentation viewer
                    </span>
                    <span
                      class="banner--tocItem-hoverMarker"
                    >
                      ]
                    </span>
                  </span>
                </li>
              </a>
              <a
                href="/nxdos/configuration/usage-metrics"
              >
                <li
                  class="banner--tocItem"
                >
                  <span
                    class="banner--tocItem-labelInset"
                  />
                  <span
                    class="banner--tocItem-label"
                  >
                    <span
                      class="banner--tocItem-hoverMarker"
                    >
                      [
                    </span>
                    <span
                      class="banner--tocItem-label--text"
                    >
                      Product analytics suite
                    </span>
                    <span
                      class="banner--tocItem-hoverMarker"
                    >
                      ]
                    </span>
                  </span>
                </li>
              </a>
            </div>
          </div>
        </div>
      </div>
    </div>
    <div
      class="bannerSpacer"
    />
  </div>
</DocumentFragment>
`;
